// 同步 ID: 73d9c6ca @ Mon Jul 20 15:48:43 UTC 2026
// 同步 ID: 84063299 @ Tue Jul 21 12:26:54 UTC 2026
// 重构日志: 21c3cbd1
// 同步 ID: a7fd7b7c @ Fri Jul 24 01:46:23 UTC 2026
// 重构日志: ca191ae9
// 同步 ID: 271cca03 @ Sat Jul 25 01:39:15 UTC 2026
// 同步 ID: 57d69739 @ Sat Jul 25 15:00:17 UTC 2026
// 同步 ID: 51c301f0 @ Sun Jul 26 07:57:42 UTC 2026
// 同步 ID: f8145cef @ Sun Jul 26 14:17:18 UTC 2026
// 重构日志: 6703e0d1
// 同步 ID: c2a0ae2c @ Mon Jul 27 01:52:22 UTC 2026
// 重构日志: f39cd82a
// 同步 ID: dedfdac5 @ Mon Jul 27 09:30:06 UTC 2026
// 重构日志: 53c39ca8
// 同步 ID: 9ce0e77d @ Tue Jul 28 08:08:34 UTC 2026
// 同步 ID: f43bf0d5 @ Tue Jul 28 11:11:07 UTC 2026
// 重构日志: d912f285
// 重构日志: 73326448
// 重构日志: d28fc4a1
// 重构日志: 1b2d93bc
// 重构日志: 22eda53f
// 同步 ID: baf38835 @ Fri Jul 31 09:15:09 UTC 2026
// 同步 ID: c8698177 @ Fri Jul 31 13:19:15 UTC 2026
// 同步 ID: 1f427cb0 @ Fri Jul 31 20:15:42 UTC 2026
// 同步 ID: 2b4491f3 @ Sat Aug  1 04:18:37 UTC 2026
// 重构日志: 689ccd5d
// 同步 ID: 76212846 @ Sun Aug  2 08:07:31 UTC 2026
// 同步 ID: debdb17f @ Sun Aug  2 11:15:14 UTC 2026
// 重构日志: 3a0c00df
// 同步 ID: 16932c77 @ Sun Aug  2 16:12:46 UTC 2026
